EXTI_program.c:12:4:EXTI_u8Init	24	static
EXTI_program.c:90:4:EXTI_u8Enable	24	static
EXTI_program.c:120:4:EXTI_u8disable	24	static
EXTI_program.c:134:4:EXTI_u8ClearFlag	24	static
EXTI_program.c:149:4:EXTI_voidCallBackFunEXTI0	24	static
EXTI_program.c:162:4:EXTI_voidCallBackFunEXTI1	24	static
EXTI_program.c:175:4:EXTI_voidCallBackFunEXTI2	24	static
EXTI_program.c:188:4:EXTI_voidCallBackFunEXTI3	24	static
EXTI_program.c:201:4:EXTI_voidCallBackFunEXTI4	24	static
EXTI_program.c:214:4:EXTI_voidCallBackFunEXTI5	24	static
EXTI_program.c:227:4:EXTI_voidCallBackFunEXTI6	24	static
EXTI_program.c:240:4:EXTI_voidCallBackFunEXTI7	24	static
EXTI_program.c:253:4:EXTI_voidCallBackFunEXTI8	24	static
EXTI_program.c:266:4:EXTI_voidCallBackFunEXTI9	24	static
EXTI_program.c:279:4:EXTI_voidCallBackFunEXTI10	24	static
EXTI_program.c:292:4:EXTI_voidCallBackFunEXTI11	24	static
EXTI_program.c:305:4:EXTI_voidCallBackFunEXTI12	24	static
EXTI_program.c:318:4:EXTI_voidCallBackFunEXTI13	24	static
EXTI_program.c:332:4:EXTI_voidCallBackFunEXTI14	24	static
EXTI_program.c:345:4:EXTI_voidCallBackFunEXTI15	24	static
EXTI_program.c:359:6:EXTI0_IRQHandler	8	static
EXTI_program.c:369:6:EXTI1_IRQHandler	8	static
EXTI_program.c:379:6:EXTI2_IRQHandler	8	static
EXTI_program.c:388:6:EXTI3_IRQHandler	8	static
EXTI_program.c:397:6:EXTI4_IRQHandler	8	static
EXTI_program.c:409:6:EXTI9_5_IRQHandler	8	static
EXTI_program.c:453:6:EXTI15_10_IRQHandler	8	static
